Отметка #0. Площадь 21 - земля
Отметка #1. Площадь 4 - цель
Отметка #2. Площадь 3 - цель
Отметка #3. Площадь 1 - шум или аномалия
Отметка #4. Площадь 5 - земля
Отметка #5. Площадь 3 - цель
Отметка #6. Площадь 2 - шум или аномалия
Отметка #7. Площадь 3 - цель
Отметка #8. Площадь 2 - шум или аномалия
Отметка #9. Площадь 1 - шум или аномалия
Отметка #10. Площадь 3 - цель
